[1m[31m[31mX [41;31m[[41;97mERROR[41;31m][0m [1mTS2339: Property 'loadPrevMonthResumen' does not exist on type 'RrhhAsistenciaFacade'.[0m [1m[35m[plugin angular-compiler][0m

    src/app/features/rrhh/asistencia/facades/rrhh-asistencia.facade.ts:359:16:
[37m      359 │       void this.[32mloadPrevMonthResumen[37m(empleadoIds);
          ╵                 [32m~~~~~~~~~~~~~~~~~~~~[0m

[39m[22m
[1m[31m[31mX [41;31m[[41;97mERROR[41;31m][0m [1mNG8001: 'app-attendance-metric-cards' is not a known element:
1. If 'app-attendance-metric-cards' is an Angular component, then verify that it is included in the '@Component.imports' of this component.
2. If 'app-attendance-metric-cards' is a Web Component then add 'CUSTOM_ELEMENTS_SCHEMA' to the '@Component.schemas' of this component to suppress this message.[0m [1m[35m[plugin angular-compiler][0m

    src/app/features/rrhh/asistencia/pages/rrhh-asistencia-page/rrhh-asistencia-page.component.html:91:10:
[37m      91 │           [32m<app-attendance-metric-cards[37m
         ╵           [32m~~~~~~~~~~~~~~~~~~~~~~~~~~~~[0m

  Error occurs in the template of component RrhhAsistenciaPageComponent.

    src/app/features/rrhh/asistencia/pages/rrhh-asistencia-page/rrhh-asistencia-page.component.ts:51:15:
[37m      51 │   templateUrl: [32m'./rrhh-asistencia-page.component.html'[37m,
         ╵                [32m~~~~~~~~~~~~~~~~~~~~~~~~~~~~~~~~~~~~~~~[0m


[31mX [41;31m[[41;97mERROR[41;31m][0m [1mNG8002: Can't bind to 'kpis' since it isn't a known property of 'app-attendance-metric-cards'.
1. If 'app-attendance-metric-cards' is an Angular component and it has 'kpis' input, then verify that it is included in the '@Component.imports' of this component.
2. If 'app-attendance-metric-cards' is a Web Component then add 'CUSTOM_ELEMENTS_SCHEMA' to the '@Component.schemas' of this component to suppress this message.
3. To allow any property add 'NO_ERRORS_SCHEMA' to the '@Component.schemas' of this component.[0m [1m[35m[plugin angular-compiler][0m

    src/app/features/rrhh/asistencia/pages/rrhh-asistencia-page/rrhh-asistencia-page.component.html:92:12:
[37m      92 │             [32m[kpis]="facade.kpis()"[37m
         ╵             [32m~~~~~~~~~~~~~~~~~~~~~~[0m

  Error occurs in the template of component RrhhAsistenciaPageComponent.

    src/app/features/rrhh/asistencia/pages/rrhh-asistencia-page/rrhh-asistencia-page.component.ts:51:15:
[37m      51 │   templateUrl: [32m'./rrhh-asistencia-page.component.html'[37m,
         ╵                [32m~~~~~~~~~~~~~~~~~~~~~~~~~~~~~~~~~~~~~~~[0m


[31mX [41;31m[[41;97mERROR[41;31m][0m [1mNG8002: Can't bind to 'deltas' since it isn't a known property of 'app-attendance-metric-cards'.
1. If 'app-attendance-metric-cards' is an Angular component and it has 'deltas' input, then verify that it is included in the '@Component.imports' of this component.
2. If 'app-attendance-metric-cards' is a Web Component then add 'CUSTOM_ELEMENTS_SCHEMA' to the '@Component.schemas' of this component to suppress this message.
3. To allow any property add 'NO_ERRORS_SCHEMA' to the '@Component.schemas' of this component.[0m [1m[35m[plugin angular-compiler][0m

    src/app/features/rrhh/asistencia/pages/rrhh-asistencia-page/rrhh-asistencia-page.component.html:93:12:
[37m      93 │             [32m[deltas]="facade.kpiDeltas()"[37m
         ╵             [32m~~~~~~~~~~~~~~~~~~~~~~~~~~~~~[0m

  Error occurs in the template of component RrhhAsistenciaPageComponent.

    src/app/features/rrhh/asistencia/pages/rrhh-asistencia-page/rrhh-asistencia-page.component.ts:51:15:
[37m      51 │   templateUrl: [32m'./rrhh-asistencia-page.component.html'[37m,
         ╵                [32m~~~~~~~~~~~~~~~~~~~~~~~~~~~~~~~~~~~~~~~[0m


[31mX [41;31m[[41;97mERROR[41;31m][0m [1mNG8002: Can't bind to 'active' since it isn't a known property of 'app-attendance-metric-cards'.
1. If 'app-attendance-metric-cards' is an Angular component and it has 'active' input, then verify that it is included in the '@Component.imports' of this component.
2. If 'app-attendance-metric-cards' is a Web Component then add 'CUSTOM_ELEMENTS_SCHEMA' to the '@Component.schemas' of this component to suppress this message.
3. To allow any property add 'NO_ERRORS_SCHEMA' to the '@Component.schemas' of this component.[0m [1m[35m[plugin angular-compiler][0m

    src/app/features/rrhh/asistencia/pages/rrhh-asistencia-page/rrhh-asistencia-page.component.html:94:12:
[37m      94 │             [32m[active]="facade.activeMetricFilter()"[37m
         ╵             [32m~~~~~~~~~~~~~~~~~~~~~~~~~~~~~~~~~~~~~~[0m

  Error occurs in the template of component RrhhAsistenciaPageComponent.

    src/app/features/rrhh/asistencia/pages/rrhh-asistencia-page/rrhh-asistencia-page.component.ts:51:15:
[37m      51 │   templateUrl: [32m'./rrhh-asistencia-page.component.html'[37m,
         ╵                [32m~~~~~~~~~~~~~~~~~~~~~~~~~~~~~~~~~~~~~~~[0m


[31mX [41;31m[[41;97mERROR[41;31m][0m [1mTS2345: Argument of type 'Event' is not assignable to parameter of type 'MetricFilter'.[0m [1m[35m[plugin angular-compiler][0m

    src/app/features/rrhh/asistencia/pages/rrhh-asistencia-page/rrhh-asistencia-page.component.html:95:51:
[37m      95 │             (filterChange)="facade.setMetricFilter([32m$event[37m)"
         ╵                                                    [32m~~~~~~[0m

  Error occurs in the template of component RrhhAsistenciaPageComponent.

    src/app/features/rrhh/asistencia/pages/rrhh-asistencia-page/rrhh-asistencia-page.component.ts:51:15:
[37m      51 │   templateUrl: [32m'./rrhh-asistencia-page.component.html'[37m,
         ╵                [32m~~~~~~~~~~~~~~~~~~~~~~~~~~~~~~~~~~~~~~~[0m

[39m[22m
[1m[31m[31mX [41;31m[[41;97mERROR[41;31m][0m [1mNG8001: 'app-attendance-metric-cards' is not a known element:
1. If 'app-attendance-metric-cards' is an Angular component, then verify that it is included in the '@Component.imports' of this component.
2. If 'app-attendance-metric-cards' is a Web Component then add 'CUSTOM_ELEMENTS_SCHEMA' to the '@Component.schemas' of this component to suppress this message.[0m [1m[35m[plugin angular-compiler][0m

    src/app/features/rrhh/asistencia/pages/rrhh-asistencia-page/rrhh-asistencia-page.component.html:91:10:
[37m      91 │           [32m<app-attendance-metric-cards[37m
         ╵           [32m~~~~~~~~~~~~~~~~~~~~~~~~~~~~[0m

  Error occurs in the template of component RrhhAsistenciaPageComponent.

    src/app/features/rrhh/asistencia/pages/rrhh-asistencia-page/rrhh-asistencia-page.component.ts:52:15:
[37m      52 │   templateUrl: [32m'./rrhh-asistencia-page.component.html'[37m,
         ╵                [32m~~~~~~~~~~~~~~~~~~~~~~~~~~~~~~~~~~~~~~~[0m


[31mX [41;31m[[41;97mERROR[41;31m][0m [1mNG8002: Can't bind to 'kpis' since it isn't a known property of 'app-attendance-metric-cards'.
1. If 'app-attendance-metric-cards' is an Angular component and it has 'kpis' input, then verify that it is included in the '@Component.imports' of this component.
2. If 'app-attendance-metric-cards' is a Web Component then add 'CUSTOM_ELEMENTS_SCHEMA' to the '@Component.schemas' of this component to suppress this message.
3. To allow any property add 'NO_ERRORS_SCHEMA' to the '@Component.schemas' of this component.[0m [1m[35m[plugin angular-compiler][0m

    src/app/features/rrhh/asistencia/pages/rrhh-asistencia-page/rrhh-asistencia-page.component.html:92:12:
[37m      92 │             [32m[kpis]="facade.kpis()"[37m
         ╵             [32m~~~~~~~~~~~~~~~~~~~~~~[0m

  Error occurs in the template of component RrhhAsistenciaPageComponent.

    src/app/features/rrhh/asistencia/pages/rrhh-asistencia-page/rrhh-asistencia-page.component.ts:52:15:
[37m      52 │   templateUrl: [32m'./rrhh-asistencia-page.component.html'[37m,
         ╵                [32m~~~~~~~~~~~~~~~~~~~~~~~~~~~~~~~~~~~~~~~[0m


[31mX [41;31m[[41;97mERROR[41;31m][0m [1mNG8002: Can't bind to 'deltas' since it isn't a known property of 'app-attendance-metric-cards'.
1. If 'app-attendance-metric-cards' is an Angular component and it has 'deltas' input, then verify that it is included in the '@Component.imports' of this component.
2. If 'app-attendance-metric-cards' is a Web Component then add 'CUSTOM_ELEMENTS_SCHEMA' to the '@Component.schemas' of this component to suppress this message.
3. To allow any property add 'NO_ERRORS_SCHEMA' to the '@Component.schemas' of this component.[0m [1m[35m[plugin angular-compiler][0m

    src/app/features/rrhh/asistencia/pages/rrhh-asistencia-page/rrhh-asistencia-page.component.html:93:12:
[37m      93 │             [32m[deltas]="facade.kpiDeltas()"[37m
         ╵             [32m~~~~~~~~~~~~~~~~~~~~~~~~~~~~~[0m

  Error occurs in the template of component RrhhAsistenciaPageComponent.

    src/app/features/rrhh/asistencia/pages/rrhh-asistencia-page/rrhh-asistencia-page.component.ts:52:15:
[37m      52 │   templateUrl: [32m'./rrhh-asistencia-page.component.html'[37m,
         ╵                [32m~~~~~~~~~~~~~~~~~~~~~~~~~~~~~~~~~~~~~~~[0m


[31mX [41;31m[[41;97mERROR[41;31m][0m [1mNG8002: Can't bind to 'active' since it isn't a known property of 'app-attendance-metric-cards'.
1. If 'app-attendance-metric-cards' is an Angular component and it has 'active' input, then verify that it is included in the '@Component.imports' of this component.
2. If 'app-attendance-metric-cards' is a Web Component then add 'CUSTOM_ELEMENTS_SCHEMA' to the '@Component.schemas' of this component to suppress this message.
3. To allow any property add 'NO_ERRORS_SCHEMA' to the '@Component.schemas' of this component.[0m [1m[35m[plugin angular-compiler][0m

    src/app/features/rrhh/asistencia/pages/rrhh-asistencia-page/rrhh-asistencia-page.component.html:94:12:
[37m      94 │             [32m[active]="facade.activeMetricFilter()"[37m
         ╵             [32m~~~~~~~~~~~~~~~~~~~~~~~~~~~~~~~~~~~~~~[0m

  Error occurs in the template of component RrhhAsistenciaPageComponent.

    src/app/features/rrhh/asistencia/pages/rrhh-asistencia-page/rrhh-asistencia-page.component.ts:52:15:
[37m      52 │   templateUrl: [32m'./rrhh-asistencia-page.component.html'[37m,
         ╵                [32m~~~~~~~~~~~~~~~~~~~~~~~~~~~~~~~~~~~~~~~[0m


[31mX [41;31m[[41;97mERROR[41;31m][0m [1mTS2345: Argument of type 'Event' is not assignable to parameter of type 'MetricFilter'.[0m [1m[35m[plugin angular-compiler][0m

    src/app/features/rrhh/asistencia/pages/rrhh-asistencia-page/rrhh-asistencia-page.component.html:95:51:
[37m      95 │             (filterChange)="facade.setMetricFilter([32m$event[37m)"
         ╵                                                    [32m~~~~~~[0m

  Error occurs in the template of component RrhhAsistenciaPageComponent.

    src/app/features/rrhh/asistencia/pages/rrhh-asistencia-page/rrhh-asistencia-page.component.ts:52:15:
[37m      52 │   templateUrl: [32m'./rrhh-asistencia-page.component.html'[37m,
         ╵                [32m~~~~~~~~~~~~~~~~~~~~~~~~~~~~~~~~~~~~~~~[0m

[39m[22m
