[33m❯[39m Building...
[32m✔[39m Building...
[1mInitial chunk files[22m[2m | [22m[1mNames[22m          [2m | [22m [1mRaw size[22m
[32mstyles.css[39m         [2m | [22m[2mstyles[22m         [2m | [22m[36m294.57 kB[39m[2m | [22m
[32mmain.js[39m            [2m | [22m[2mmain[22m           [2m | [22m[36m110.66 kB[39m[2m | [22m
[32mchunk-5DJ62XKE.js[39m  [2m | [22m[2m-[22m              [2m | [22m [36m52.56 kB[39m[2m | [22m
[32mchunk-7WG6WB6G.js[39m  [2m | [22m[2m-[22m              [2m | [22m [36m23.60 kB[39m[2m | [22m

[1m [22m                  [2m | [22m[1mInitial total[22m  [2m | [22m[1m481.39 kB[22m

[1mLazy chunk files[22m   [2m | [22m[1mNames[22m          [2m | [22m [1mRaw size[22m
[32mchunk-JKOZZU3Z.js[39m  [2m | [22m[2mplatform-routes[22m[2m | [22m  [36m4.10 MB[39m[2m | [22m
[32mchunk-NEA4CLSG.js[39m  [2m | [22m[2mauth-routes[22m    [2m | [22m[36m226.07 kB[39m[2m | [22m

Application bundle generation complete. [22.244 seconds] - 2026-08-03T18:13:34.867Z

Watch mode enabled. Watching for file changes...
NOTE: Raw file sizes do not reflect development server per-request transformations.
  [32m➜[39m  [1mLocal[22m:   [36mhttp://127.0.0.1:[1m4200[22m/[39m
[33m❯[39m Changes detected. Rebuilding...
[32m✔[39m Changes detected. Rebuilding...
[1mInitial chunk files[22m[2m | [22m[1mNames[22m          [2m | [22m [1mRaw size[22m
[32mmain.js[39m            [2m | [22m[2mmain[22m           [2m | [22m[36m110.66 kB[39m[2m | [22m

[1mLazy chunk files[22m   [2m | [22m[1mNames[22m          [2m | [22m [1mRaw size[22m
[32mchunk-XPKKBBL6.js[39m  [2m | [22m[2mplatform-routes[22m[2m | [22m  [36m4.10 MB[39m[2m | [22m

Application bundle generation complete. [21.508 seconds] - 2026-08-03T18:26:19.288Z

Page reload sent to client(s).
[33m❯[39m Changes detected. Rebuilding...
[32m✔[39m Changes detected. Rebuilding...
Application bundle generation failed. [5.346 seconds] - 2026-08-03T18:26:37.335Z

[33m❯[39m Changes detected. Rebuilding...
[32m✔[39m Changes detected. Rebuilding...
Application bundle generation failed. [6.081 seconds] - 2026-08-03T18:26:58.577Z

[33m❯[39m Changes detected. Rebuilding...
[32m✔[39m Changes detected. Rebuilding...
Application bundle generation failed. [3.659 seconds] - 2026-08-03T18:27:08.123Z

[33m❯[39m Changes detected. Rebuilding...
[32m✔[39m Changes detected. Rebuilding...
Application bundle generation failed. [3.551 seconds] - 2026-08-03T18:27:19.180Z

[33m❯[39m Changes detected. Rebuilding...
[32m✔[39m Changes detected. Rebuilding...
Application bundle generation failed. [2.223 seconds] - 2026-08-03T18:27:33.783Z

[33m❯[39m Changes detected. Rebuilding...
[32m✔[39m Changes detected. Rebuilding...
Application bundle generation failed. [3.116 seconds] - 2026-08-03T18:27:47.859Z

[33m❯[39m Changes detected. Rebuilding...
[32m✔[39m Changes detected. Rebuilding...
[1mInitial chunk files[22m[2m | [22m[1mNames[22m          [2m | [22m [1mRaw size[22m
[32mstyles.css[39m         [2m | [22m[2mstyles[22m         [2m | [22m[36m294.57 kB[39m[2m | [22m
[32mmain.js[39m            [2m | [22m[2mmain[22m           [2m | [22m[36m110.66 kB[39m[2m | [22m
[32mchunk-5DJ62XKE.js[39m  [2m | [22m[2m-[22m              [2m | [22m [36m52.56 kB[39m[2m | [22m
[32mchunk-7WG6WB6G.js[39m  [2m | [22m[2m-[22m              [2m | [22m [36m23.60 kB[39m[2m | [22m

[1m [22m                  [2m | [22m[1mInitial total[22m  [2m | [22m[1m481.39 kB[22m

[1mLazy chunk files[22m   [2m | [22m[1mNames[22m          [2m | [22m [1mRaw size[22m
[32mchunk-5QXSQOEK.js[39m  [2m | [22m[2mplatform-routes[22m[2m | [22m  [36m4.10 MB[39m[2m | [22m
[32mchunk-NEA4CLSG.js[39m  [2m | [22m[2mauth-routes[22m    [2m | [22m[36m226.07 kB[39m[2m | [22m

Application bundle generation complete. [4.064 seconds] - 2026-08-03T18:27:58.347Z

Page reload sent to client(s).
[33m❯[39m Changes detected. Rebuilding...
[32m✔[39m Changes detected. Rebuilding...
[1mInitial chunk files[22m[2m | [22m[1mNames[22m          [2m | [22m [1mRaw size[22m
[32mmain.js[39m            [2m | [22m[2mmain[22m           [2m | [22m[36m110.66 kB[39m[2m | [22m

[1mLazy chunk files[22m   [2m | [22m[1mNames[22m          [2m | [22m [1mRaw size[22m
[32mchunk-UTSHCD3O.js[39m  [2m | [22m[2mplatform-routes[22m[2m | [22m  [36m4.10 MB[39m[2m | [22m

Application bundle generation complete. [3.543 seconds] - 2026-08-03T18:28:08.246Z

Page reload sent to client(s).
[33m❯[39m Changes detected. Rebuilding...
[32m✔[39m Changes detected. Rebuilding...
[1mInitial chunk files[22m[2m | [22m[1mNames[22m          [2m | [22m [1mRaw size[22m
[32mmain.js[39m            [2m | [22m[2mmain[22m           [2m | [22m[36m110.66 kB[39m[2m | [22m

[1mLazy chunk files[22m   [2m | [22m[1mNames[22m          [2m | [22m [1mRaw size[22m
[32mchunk-OCW4SZVU.js[39m  [2m | [22m[2mplatform-routes[22m[2m | [22m  [36m4.10 MB[39m[2m | [22m

Application bundle generation complete. [4.132 seconds] - 2026-08-03T18:28:20.263Z

Page reload sent to client(s).
[33m❯[39m Changes detected. Rebuilding...
[32m✔[39m Changes detected. Rebuilding...
Application bundle generation failed. [3.172 seconds] - 2026-08-03T18:28:57.893Z

[33m❯[39m Changes detected. Rebuilding...
[32m✔[39m Changes detected. Rebuilding...
Application bundle generation failed. [3.073 seconds] - 2026-08-03T18:29:04.446Z

[33m❯[39m Changes detected. Rebuilding...
[32m✔[39m Changes detected. Rebuilding...
[1mInitial chunk files[22m[2m | [22m[1mNames[22m          [2m | [22m [1mRaw size[22m
[32mstyles.css[39m         [2m | [22m[2mstyles[22m         [2m | [22m[36m294.57 kB[39m[2m | [22m
[32mmain.js[39m            [2m | [22m[2mmain[22m           [2m | [22m[36m110.66 kB[39m[2m | [22m
[32mchunk-5DJ62XKE.js[39m  [2m | [22m[2m-[22m              [2m | [22m [36m52.56 kB[39m[2m | [22m
[32mchunk-7WG6WB6G.js[39m  [2m | [22m[2m-[22m              [2m | [22m [36m23.60 kB[39m[2m | [22m

[1m [22m                  [2m | [22m[1mInitial total[22m  [2m | [22m[1m481.39 kB[22m

[1mLazy chunk files[22m   [2m | [22m[1mNames[22m          [2m | [22m [1mRaw size[22m
[32mchunk-ODR3YLAH.js[39m  [2m | [22m[2mplatform-routes[22m[2m | [22m  [36m4.10 MB[39m[2m | [22m
[32mchunk-NEA4CLSG.js[39m  [2m | [22m[2mauth-routes[22m    [2m | [22m[36m226.07 kB[39m[2m | [22m

Application bundle generation complete. [3.243 seconds] - 2026-08-03T18:29:14.836Z

Page reload sent to client(s).
[33m❯[39m Changes detected. Rebuilding...
[32m✔[39m Changes detected. Rebuilding...
[1mInitial chunk files[22m[2m | [22m[1mNames[22m          [2m | [22m [1mRaw size[22m
[32mmain.js[39m            [2m | [22m[2mmain[22m           [2m | [22m[36m110.66 kB[39m[2m | [22m

[1mLazy chunk files[22m   [2m | [22m[1mNames[22m          [2m | [22m [1mRaw size[22m
[32mchunk-ST4MA4KQ.js[39m  [2m | [22m[2mplatform-routes[22m[2m | [22m  [36m4.10 MB[39m[2m | [22m

Application bundle generation complete. [2.973 seconds] - 2026-08-03T18:29:23.340Z

Page reload sent to client(s).
[33m❯[39m Changes detected. Rebuilding...
[32m✔[39m Changes detected. Rebuilding...
[1mInitial chunk files[22m[2m | [22m[1mNames[22m          [2m | [22m [1mRaw size[22m
[32mmain.js[39m            [2m | [22m[2mmain[22m           [2m | [22m[36m110.66 kB[39m[2m | [22m

[1mLazy chunk files[22m   [2m | [22m[1mNames[22m          [2m | [22m [1mRaw size[22m
[32mchunk-XJCF3Z5U.js[39m  [2m | [22m[2mplatform-routes[22m[2m | [22m  [36m4.10 MB[39m[2m | [22m

Application bundle generation complete. [3.044 seconds] - 2026-08-03T18:29:43.428Z

Component update sent to client(s).
[33m❯[39m Changes detected. Rebuilding...
[32m✔[39m Changes detected. Rebuilding...
[1mInitial chunk files[22m[2m | [22m[1mNames[22m          [2m | [22m [1mRaw size[22m
[32mmain.js[39m            [2m | [22m[2mmain[22m           [2m | [22m[36m110.66 kB[39m[2m | [22m

[1mLazy chunk files[22m   [2m | [22m[1mNames[22m          [2m | [22m [1mRaw size[22m
[32mchunk-PH6GQ7CU.js[39m  [2m | [22m[2mplatform-routes[22m[2m | [22m  [36m4.10 MB[39m[2m | [22m

Application bundle generation complete. [4.289 seconds] - 2026-08-03T18:29:53.646Z

Component update sent to client(s).
[33m❯[39m Changes detected. Rebuilding...
[32m✔[39m Changes detected. Rebuilding...
[1mInitial chunk files[22m[2m | [22m[1mNames[22m          [2m | [22m [1mRaw size[22m
[32mmain.js[39m            [2m | [22m[2mmain[22m           [2m | [22m[36m110.66 kB[39m[2m | [22m

[1mLazy chunk files[22m   [2m | [22m[1mNames[22m          [2m | [22m [1mRaw size[22m
[32mchunk-WCPCKZV7.js[39m  [2m | [22m[2mplatform-routes[22m[2m | [22m  [36m4.10 MB[39m[2m | [22m

Application bundle generation complete. [2.406 seconds] - 2026-08-03T18:29:58.065Z

Component update sent to client(s).
[33m❯[39m Changes detected. Rebuilding...
[32m✔[39m Changes detected. Rebuilding...
[1mInitial chunk files[22m[2m | [22m[1mNames[22m          [2m | [22m [1mRaw size[22m
[32mmain.js[39m            [2m | [22m[2mmain[22m           [2m | [22m[36m110.66 kB[39m[2m | [22m

[1mLazy chunk files[22m   [2m | [22m[1mNames[22m          [2m | [22m [1mRaw size[22m
[32mchunk-7IIFCCDI.js[39m  [2m | [22m[2mplatform-routes[22m[2m | [22m  [36m4.10 MB[39m[2m | [22m

Application bundle generation complete. [2.351 seconds] - 2026-08-03T18:30:05.387Z

Component update sent to client(s).
[33m❯[39m Changes detected. Rebuilding...
[32m✔[39m Changes detected. Rebuilding...
[1mInitial chunk files[22m[2m | [22m[1mNames[22m          [2m | [22m [1mRaw size[22m
[32mmain.js[39m            [2m | [22m[2mmain[22m           [2m | [22m[36m110.66 kB[39m[2m | [22m

[1mLazy chunk files[22m   [2m | [22m[1mNames[22m          [2m | [22m [1mRaw size[22m
[32mchunk-4CLPCAPA.js[39m  [2m | [22m[2mplatform-routes[22m[2m | [22m  [36m4.10 MB[39m[2m | [22m

Application bundle generation complete. [2.580 seconds] - 2026-08-03T18:30:15.286Z

Component update sent to client(s).
[33m❯[39m Changes detected. Rebuilding...
[32m✔[39m Changes detected. Rebuilding...
[1mInitial chunk files[22m[2m | [22m[1mNames[22m          [2m | [22m [1mRaw size[22m
[32mmain.js[39m            [2m | [22m[2mmain[22m           [2m | [22m[36m110.66 kB[39m[2m | [22m

[1mLazy chunk files[22m   [2m | [22m[1mNames[22m          [2m | [22m [1mRaw size[22m
[32mchunk-4UBAGW7C.js[39m  [2m | [22m[2mplatform-routes[22m[2m | [22m  [36m4.10 MB[39m[2m | [22m

Application bundle generation complete. [2.569 seconds] - 2026-08-03T18:30:23.331Z

Component update sent to client(s).
[33m❯[39m Changes detected. Rebuilding...
[32m✔[39m Changes detected. Rebuilding...
[1mInitial chunk files[22m[2m | [22m[1mNames[22m          [2m | [22m [1mRaw size[22m
[32mmain.js[39m            [2m | [22m[2mmain[22m           [2m | [22m[36m110.66 kB[39m[2m | [22m

[1mLazy chunk files[22m   [2m | [22m[1mNames[22m          [2m | [22m [1mRaw size[22m
[32mchunk-Y47ZA2MK.js[39m  [2m | [22m[2mplatform-routes[22m[2m | [22m  [36m4.10 MB[39m[2m | [22m

Application bundle generation complete. [2.282 seconds] - 2026-08-03T18:30:29.093Z

Component update sent to client(s).
[33m❯[39m Changes detected. Rebuilding...
[32m✔[39m Changes detected. Rebuilding...
[1mInitial chunk files[22m[2m | [22m[1mNames[22m          [2m | [22m [1mRaw size[22m
[32mmain.js[39m            [2m | [22m[2mmain[22m           [2m | [22m[36m110.66 kB[39m[2m | [22m

[1mLazy chunk files[22m   [2m | [22m[1mNames[22m          [2m | [22m [1mRaw size[22m
[32mchunk-67JMQ33O.js[39m  [2m | [22m[2mplatform-routes[22m[2m | [22m  [36m4.10 MB[39m[2m | [22m

Application bundle generation complete. [2.922 seconds] - 2026-08-03T18:30:55.451Z

Page reload sent to client(s).
[33m❯[39m Changes detected. Rebuilding...
[32m✔[39m Changes detected. Rebuilding...
[1mInitial chunk files[22m[2m | [22m[1mNames[22m          [2m | [22m [1mRaw size[22m
[32mmain.js[39m            [2m | [22m[2mmain[22m           [2m | [22m[36m110.66 kB[39m[2m | [22m

[1mLazy chunk files[22m   [2m | [22m[1mNames[22m          [2m | [22m [1mRaw size[22m
[32mchunk-7S65OMJB.js[39m  [2m | [22m[2mplatform-routes[22m[2m | [22m  [36m4.10 MB[39m[2m | [22m

Application bundle generation complete. [3.008 seconds] - 2026-08-03T18:31:03.550Z

Component update sent to client(s).
[33m❯[39m Changes detected. Rebuilding...
[32m✔[39m Changes detected. Rebuilding...
[1mInitial chunk files[22m[2m | [22m[1mNames[22m          [2m | [22m [1mRaw size[22m
[32mmain.js[39m            [2m | [22m[2mmain[22m           [2m | [22m[36m110.66 kB[39m[2m | [22m

[1mLazy chunk files[22m   [2m | [22m[1mNames[22m          [2m | [22m [1mRaw size[22m
[32mchunk-GEJEGB37.js[39m  [2m | [22m[2mplatform-routes[22m[2m | [22m  [36m4.10 MB[39m[2m | [22m

Application bundle generation complete. [2.949 seconds] - 2026-08-03T18:31:15.373Z

Page reload sent to client(s).
[33m❯[39m Changes detected. Rebuilding...
[32m✔[39m Changes detected. Rebuilding...
[1mInitial chunk files[22m[2m | [22m[1mNames[22m          [2m | [22m [1mRaw size[22m
[32mmain.js[39m            [2m | [22m[2mmain[22m           [2m | [22m[36m110.66 kB[39m[2m | [22m

[1mLazy chunk files[22m   [2m | [22m[1mNames[22m          [2m | [22m [1mRaw size[22m
[32mchunk-ST2BJVAD.js[39m  [2m | [22m[2mplatform-routes[22m[2m | [22m  [36m4.10 MB[39m[2m | [22m

Application bundle generation complete. [2.229 seconds] - 2026-08-03T18:31:22.966Z

Component update sent to client(s).
[33m❯[39m Changes detected. Rebuilding...
[32m✔[39m Changes detected. Rebuilding...
[1mInitial chunk files[22m[2m | [22m[1mNames[22m          [2m | [22m [1mRaw size[22m
[32mmain.js[39m            [2m | [22m[2mmain[22m           [2m | [22m[36m110.66 kB[39m[2m | [22m

[1mLazy chunk files[22m   [2m | [22m[1mNames[22m          [2m | [22m [1mRaw size[22m
[32mchunk-6XJANF7L.js[39m  [2m | [22m[2mplatform-routes[22m[2m | [22m  [36m4.10 MB[39m[2m | [22m

Application bundle generation complete. [2.366 seconds] - 2026-08-03T18:31:31.182Z

Page reload sent to client(s).
[33m❯[39m Changes detected. Rebuilding...
[32m✔[39m Changes detected. Rebuilding...
[1mInitial chunk files[22m[2m | [22m[1mNames[22m          [2m | [22m [1mRaw size[22m
[32mmain.js[39m            [2m | [22m[2mmain[22m           [2m | [22m[36m110.66 kB[39m[2m | [22m

[1mLazy chunk files[22m   [2m | [22m[1mNames[22m          [2m | [22m [1mRaw size[22m
[32mchunk-H32EB6KP.js[39m  [2m | [22m[2mplatform-routes[22m[2m | [22m  [36m4.10 MB[39m[2m | [22m

Application bundle generation complete. [3.378 seconds] - 2026-08-03T18:31:43.026Z

Page reload sent to client(s).
[33m❯[39m Changes detected. Rebuilding...
[32m✔[39m Changes detected. Rebuilding...
[1mInitial chunk files[22m[2m | [22m[1mNames[22m          [2m | [22m [1mRaw size[22m
[32mmain.js[39m            [2m | [22m[2mmain[22m           [2m | [22m[36m110.66 kB[39m[2m | [22m

[1mLazy chunk files[22m   [2m | [22m[1mNames[22m          [2m | [22m [1mRaw size[22m
[32mchunk-ZO3BXVSA.js[39m  [2m | [22m[2mplatform-routes[22m[2m | [22m  [36m4.10 MB[39m[2m | [22m

Application bundle generation complete. [1.984 seconds] - 2026-08-03T18:31:48.794Z

Component update sent to client(s).
[33m❯[39m Changes detected. Rebuilding...
[32m✔[39m Changes detected. Rebuilding...
[1mInitial chunk files[22m[2m | [22m[1mNames[22m          [2m | [22m [1mRaw size[22m
[32mmain.js[39m            [2m | [22m[2mmain[22m           [2m | [22m[36m110.66 kB[39m[2m | [22m

[1mLazy chunk files[22m   [2m | [22m[1mNames[22m          [2m | [22m [1mRaw size[22m
[32mchunk-5MJCGMAP.js[39m  [2m | [22m[2mplatform-routes[22m[2m | [22m  [36m4.10 MB[39m[2m | [22m

Application bundle generation complete. [3.990 seconds] - 2026-08-03T18:31:59.048Z

Page reload sent to client(s).
[33m❯[39m Changes detected. Rebuilding...
[32m✔[39m Changes detected. Rebuilding...
[1mInitial chunk files[22m[2m | [22m[1mNames[22m          [2m | [22m [1mRaw size[22m
[32mmain.js[39m            [2m | [22m[2mmain[22m           [2m | [22m[36m110.66 kB[39m[2m | [22m

[1mLazy chunk files[22m   [2m | [22m[1mNames[22m          [2m | [22m [1mRaw size[22m
[32mchunk-O4WVCNW3.js[39m  [2m | [22m[2mplatform-routes[22m[2m | [22m  [36m4.10 MB[39m[2m | [22m

Application bundle generation complete. [3.935 seconds] - 2026-08-03T18:32:10.147Z

Page reload sent to client(s).
[33m❯[39m Changes detected. Rebuilding...
[32m✔[39m Changes detected. Rebuilding...
[1mInitial chunk files[22m[2m | [22m[1mNames[22m          [2m | [22m [1mRaw size[22m
[32mstyles.css[39m         [2m | [22m[2mstyles[22m         [2m | [22m[36m294.57 kB[39m[2m | [22m
[32mmain.js[39m            [2m | [22m[2mmain[22m           [2m | [22m[36m110.66 kB[39m[2m | [22m
[32mchunk-5DJ62XKE.js[39m  [2m | [22m[2m-[22m              [2m | [22m [36m52.56 kB[39m[2m | [22m
[32mchunk-7WG6WB6G.js[39m  [2m | [22m[2m-[22m              [2m | [22m [36m23.60 kB[39m[2m | [22m

[1m [22m                  [2m | [22m[1mInitial total[22m  [2m | [22m[1m481.39 kB[22m

[1mLazy chunk files[22m   [2m | [22m[1mNames[22m          [2m | [22m [1mRaw size[22m
[32mchunk-O4WVCNW3.js[39m  [2m | [22m[2mplatform-routes[22m[2m | [22m  [36m4.10 MB[39m[2m | [22m
[32mchunk-NEA4CLSG.js[39m  [2m | [22m[2mauth-routes[22m    [2m | [22m[36m226.07 kB[39m[2m | [22m

Application bundle generation complete. [0.013 seconds] - 2026-08-03T18:32:25.923Z

Page reload sent to client(s).
[33m❯[39m Changes detected. Rebuilding...
[32m✔[39m Changes detected. Rebuilding...
[1mInitial chunk files[22m[2m | [22m[1mNames[22m          [2m | [22m [1mRaw size[22m
[32mmain.js[39m            [2m | [22m[2mmain[22m           [2m | [22m[36m110.66 kB[39m[2m | [22m

[1mLazy chunk files[22m   [2m | [22m[1mNames[22m          [2m | [22m [1mRaw size[22m
[32mchunk-UJC2UTAO.js[39m  [2m | [22m[2mplatform-routes[22m[2m | [22m  [36m4.10 MB[39m[2m | [22m

Application bundle generation complete. [4.211 seconds] - 2026-08-03T18:33:37.697Z

Page reload sent to client(s).
[33m❯[39m Changes detected. Rebuilding...
[32m✔[39m Changes detected. Rebuilding...
[1mInitial chunk files[22m[2m | [22m[1mNames[22m          [2m | [22m [1mRaw size[22m
[32mmain.js[39m            [2m | [22m[2mmain[22m           [2m | [22m[36m110.66 kB[39m[2m | [22m

[1mLazy chunk files[22m   [2m | [22m[1mNames[22m          [2m | [22m [1mRaw size[22m
[32mchunk-A6ZJZW2A.js[39m  [2m | [22m[2mplatform-routes[22m[2m | [22m  [36m4.10 MB[39m[2m | [22m

Application bundle generation complete. [2.842 seconds] - 2026-08-03T18:33:46.316Z

Component update sent to client(s).
[33m❯[39m Changes detected. Rebuilding...
[32m✔[39m Changes detected. Rebuilding...
[1mInitial chunk files[22m[2m | [22m[1mNames[22m          [2m | [22m [1mRaw size[22m
[32mstyles.css[39m         [2m | [22m[2mstyles[22m         [2m | [22m[36m294.57 kB[39m[2m | [22m
[32mmain.js[39m            [2m | [22m[2mmain[22m           [2m | [22m[36m110.66 kB[39m[2m | [22m
[32mchunk-5DJ62XKE.js[39m  [2m | [22m[2m-[22m              [2m | [22m [36m52.56 kB[39m[2m | [22m
[32mchunk-7WG6WB6G.js[39m  [2m | [22m[2m-[22m              [2m | [22m [36m23.60 kB[39m[2m | [22m

[1m [22m                  [2m | [22m[1mInitial total[22m  [2m | [22m[1m481.39 kB[22m

[1mLazy chunk files[22m   [2m | [22m[1mNames[22m          [2m | [22m [1mRaw size[22m
[32mchunk-A6ZJZW2A.js[39m  [2m | [22m[2mplatform-routes[22m[2m | [22m  [36m4.10 MB[39m[2m | [22m
[32mchunk-NEA4CLSG.js[39m  [2m | [22m[2mauth-routes[22m    [2m | [22m[36m226.07 kB[39m[2m | [22m

Application bundle generation complete. [0.062 seconds] - 2026-08-03T18:33:58.752Z

Page reload sent to client(s).
[33m❯[39m Changes detected. Rebuilding...
[32m✔[39m Changes detected. Rebuilding...
[1mInitial chunk files[22m[2m | [22m[1mNames[22m          [2m | [22m [1mRaw size[22m
[32mmain.js[39m            [2m | [22m[2mmain[22m           [2m | [22m[36m110.66 kB[39m[2m | [22m

[1mLazy chunk files[22m   [2m | [22m[1mNames[22m          [2m | [22m [1mRaw size[22m
[32mchunk-S7L6GDF7.js[39m  [2m | [22m[2mplatform-routes[22m[2m | [22m  [36m4.10 MB[39m[2m | [22m

Application bundle generation complete. [3.972 seconds] - 2026-08-03T18:35:11.354Z

Page reload sent to client(s).
[33m❯[39m Changes detected. Rebuilding...
[32m✔[39m Changes detected. Rebuilding...
[1mInitial chunk files[22m[2m | [22m[1mNames[22m          [2m | [22m [1mRaw size[22m
[32mstyles.css[39m         [2m | [22m[2mstyles[22m         [2m | [22m[36m294.57 kB[39m[2m | [22m
[32mmain.js[39m            [2m | [22m[2mmain[22m           [2m | [22m[36m110.66 kB[39m[2m | [22m
[32mchunk-5DJ62XKE.js[39m  [2m | [22m[2m-[22m              [2m | [22m [36m52.56 kB[39m[2m | [22m
[32mchunk-7WG6WB6G.js[39m  [2m | [22m[2m-[22m              [2m | [22m [36m23.60 kB[39m[2m | [22m

[1m [22m                  [2m | [22m[1mInitial total[22m  [2m | [22m[1m481.39 kB[22m

[1mLazy chunk files[22m   [2m | [22m[1mNames[22m          [2m | [22m [1mRaw size[22m
[32mchunk-S7L6GDF7.js[39m  [2m | [22m[2mplatform-routes[22m[2m | [22m  [36m4.10 MB[39m[2m | [22m
[32mchunk-NEA4CLSG.js[39m  [2m | [22m[2mauth-routes[22m    [2m | [22m[36m226.07 kB[39m[2m | [22m

Application bundle generation complete. [0.057 seconds] - 2026-08-03T18:35:20.181Z

Page reload sent to client(s).
