[1m[31m[31mX [41;31m[[41;97mERROR[41;31m][0m [1mTS2353: Object literal may only specify known properties, and 'fechaHora' does not exist in type 'DailyLeadRowView'.[0m [1m[35m[plugin angular-compiler][0m

    src/app/features/daily-leads/facades/daily-leads.facade.ts:95:6:
[37m      95 │       [32mfechaHora[37m: this.formatDateTime(item.createdAt)
         ╵       [32m~~~~~~~~~[0m

[39m[22m
[1m[31m[31mX [41;31m[[41;97mERROR[41;31m][0m [1mTS2353: Object literal may only specify known properties, and 'fechaHora' does not exist in type 'DailyLeadRowView'.[0m [1m[35m[plugin angular-compiler][0m

    src/app/features/daily-leads/facades/daily-leads.facade.ts:95:6:
[37m      95 │       [32mfechaHora[37m: this.formatDateTime(item.createdAt)
         ╵       [32m~~~~~~~~~[0m

[39m[22m
[1m[31m[31mX [41;31m[[41;97mERROR[41;31m][0m [1mTS2353: Object literal may only specify known properties, and 'fechaHora' does not exist in type 'DailyLeadRowView'.[0m [1m[35m[plugin angular-compiler][0m

    src/app/features/daily-leads/facades/daily-leads.facade.ts:96:6:
[37m      96 │       [32mfechaHora[37m: this.formatDateTime(item.createdAt)
         ╵       [32m~~~~~~~~~[0m

[39m[22m
[1m[31m[31mX [41;31m[[41;97mERROR[41;31m][0m [1mTS2353: Object literal may only specify known properties, and 'fechaHora' does not exist in type 'DailyLeadRowView'.[0m [1m[35m[plugin angular-compiler][0m

    src/app/features/daily-leads/facades/daily-leads.facade.ts:93:6:
[37m      93 │       [32mfechaHora[37m: this.formatDateTime(item.createdAt)
         ╵       [32m~~~~~~~~~[0m


[31mX [41;31m[[41;97mERROR[41;31m][0m [1mTS2551: Property 'dateTimeFormatter' does not exist on type 'DailyLeadsFacade'. Did you mean 'timeFormatter'?[0m [1m[35m[plugin angular-compiler][0m

    src/app/features/daily-leads/facades/daily-leads.facade.ts:114:16:
[37m      114 │     return this.[32mdateTimeFormatter[37m.format(date);
          ╵                 [32m~~~~~~~~~~~~~~~~~[0m

  'timeFormatter' is declared here.

    src/app/features/daily-leads/facades/daily-leads.facade.ts:13:19:
[37m      13 │   private readonly [32mtimeFormatter[37m = new Intl.DateTimeFormat('es-PE', {
         ╵                    [32m~~~~~~~~~~~~~[0m

[39m[22m
[1m[31m[31mX [41;31m[[41;97mERROR[41;31m][0m [1mTS2353: Object literal may only specify known properties, and 'fechaHora' does not exist in type 'DailyLeadRowView'.[0m [1m[35m[plugin angular-compiler][0m

    src/app/features/daily-leads/facades/daily-leads.facade.ts:94:6:
[37m      94 │       [32mfechaHora[37m: this.formatDateTime(item.createdAt)
         ╵       [32m~~~~~~~~~[0m


[31mX [41;31m[[41;97mERROR[41;31m][0m [1mTS2551: Property 'dateTimeFormatter' does not exist on type 'DailyLeadsFacade'. Did you mean 'timeFormatter'?[0m [1m[35m[plugin angular-compiler][0m

    src/app/features/daily-leads/facades/daily-leads.facade.ts:115:16:
[37m      115 │     return this.[32mdateTimeFormatter[37m.format(date);
          ╵                 [32m~~~~~~~~~~~~~~~~~[0m

  'timeFormatter' is declared here.

    src/app/features/daily-leads/facades/daily-leads.facade.ts:13:19:
[37m      13 │   private readonly [32mtimeFormatter[37m = new Intl.DateTimeFormat('es-PE', {
         ╵                    [32m~~~~~~~~~~~~~[0m

[39m[22m
[1m[31m[31mX [41;31m[[41;97mERROR[41;31m][0m [1mTS2339: Property 'loadTipificationPalette' does not exist on type 'DailyLeadsFacade'.[0m [1m[35m[plugin angular-compiler][0m

    src/app/features/daily-leads/facades/daily-leads.facade.ts:35:28:
[37m      35 │ ...await Promise.all([this.[32mloadTipificationPalette[37m(), this.load(0)]);
         ╵                            [32m~~~~~~~~~~~~~~~~~~~~~~~[0m


[31mX [41;31m[[41;97mERROR[41;31m][0m [1mTS2353: Object literal may only specify known properties, and 'fechaHora' does not exist in type 'DailyLeadRowView'.[0m [1m[35m[plugin angular-compiler][0m

    src/app/features/daily-leads/facades/daily-leads.facade.ts:94:6:
[37m      94 │       [32mfechaHora[37m: this.formatDateTime(item.createdAt)
         ╵       [32m~~~~~~~~~[0m


[31mX [41;31m[[41;97mERROR[41;31m][0m [1mTS2551: Property 'dateTimeFormatter' does not exist on type 'DailyLeadsFacade'. Did you mean 'timeFormatter'?[0m [1m[35m[plugin angular-compiler][0m

    src/app/features/daily-leads/facades/daily-leads.facade.ts:115:16:
[37m      115 │     return this.[32mdateTimeFormatter[37m.format(date);
          ╵                 [32m~~~~~~~~~~~~~~~~~[0m

  'timeFormatter' is declared here.

    src/app/features/daily-leads/facades/daily-leads.facade.ts:13:19:
[37m      13 │   private readonly [32mtimeFormatter[37m = new Intl.DateTimeFormat('es-PE', {
         ╵                    [32m~~~~~~~~~~~~~[0m

[39m[22m
[1m[31m[31mX [41;31m[[41;97mERROR[41;31m][0m [1mTS2339: Property 'loadTipificationPalette' does not exist on type 'DailyLeadsFacade'.[0m [1m[35m[plugin angular-compiler][0m

    src/app/features/daily-leads/facades/daily-leads.facade.ts:35:28:
[37m      35 │ ...await Promise.all([this.[32mloadTipificationPalette[37m(), this.load(0)]);
         ╵                            [32m~~~~~~~~~~~~~~~~~~~~~~~[0m


[31mX [41;31m[[41;97mERROR[41;31m][0m [1mTS2339: Property 'formatTime' does not exist on type 'DailyLeadsFacade'.[0m [1m[35m[plugin angular-compiler][0m

    src/app/features/daily-leads/facades/daily-leads.facade.ts:94:17:
[37m      94 │       hora: this.[32mformatTime[37m(item.createdAt),
         ╵                  [32m~~~~~~~~~~[0m


[31mX [41;31m[[41;97mERROR[41;31m][0m [1mTS2551: Property 'dateTimeFormatter' does not exist on type 'DailyLeadsFacade'. Did you mean 'timeFormatter'?[0m [1m[35m[plugin angular-compiler][0m

    src/app/features/daily-leads/facades/daily-leads.facade.ts:120:16:
[37m      120 │     return this.[32mdateTimeFormatter[37m.format(date);
          ╵                 [32m~~~~~~~~~~~~~~~~~[0m

  'timeFormatter' is declared here.

    src/app/features/daily-leads/facades/daily-leads.facade.ts:13:19:
[37m      13 │   private readonly [32mtimeFormatter[37m = new Intl.DateTimeFormat('es-PE', {
         ╵                    [32m~~~~~~~~~~~~~[0m

[39m[22m
[1m[33m[33m▲ [43;33m[[43;30mWARNING[43;33m][0m [1mNG8113: TipificationStackComponent is not used within the template of DailyLeadsPageComponent[0m [1m[35m[plugin angular-compiler][0m

    src/app/features/daily-leads/pages/daily-leads-page/daily-leads-page.component.ts:25:4:
[37m      25 │     [32mTipificationStackComponent[37m
         ╵     [32m~~~~~~~~~~~~~~~~~~~~~~~~~~[0m

[39m[22m
[1m[33m[33m▲ [43;33m[[43;30mWARNING[43;33m][0m [1mNG8113: TipificationStackComponent is not used within the template of DailyLeadsPageComponent[0m [1m[35m[plugin angular-compiler][0m

    src/app/features/daily-leads/pages/daily-leads-page/daily-leads-page.component.ts:25:4:
[37m      25 │     [32mTipificationStackComponent[37m
         ╵     [32m~~~~~~~~~~~~~~~~~~~~~~~~~~[0m

[39m[22m
[1m[31m[31mX [41;31m[[41;97mERROR[41;31m][0m [1mTS2339: Property 'parseIntegerInput' does not exist on type 'CommunityWorkspaceFacade'.[0m [1m[35m[plugin angular-compiler][0m

    src/app/features/community/facades/community-workspace.facade.ts:467:23:
[37m      467 │     const leads = this.[32mparseIntegerInput[37m(raw.leads);
          ╵                        [32m~~~~~~~~~~~~~~~~~[0m


[31mX [41;31m[[41;97mERROR[41;31m][0m [1mTS2339: Property 'parseDecimalInput' does not exist on type 'CommunityWorkspaceFacade'.[0m [1m[35m[plugin angular-compiler][0m

    src/app/features/community/facades/community-workspace.facade.ts:468:28:
[37m      468 │     const costoTotal = this.[32mparseDecimalInput[37m(raw.costoTotal);
          ╵                             [32m~~~~~~~~~~~~~~~~~[0m

[39m[22m
