[1m[31m[31mX [41;31m[[41;97mERROR[41;31m][0m [1mTS2345: Argument of type 'string | null | undefined' is not assignable to parameter of type 'string'.
  Type 'undefined' is not assignable to type 'string'.[0m [1m[35m[plugin angular-compiler][0m

    src/app/features/gtr/facades/gtr-workspace.facade.ts:1195:87:
[37m      1195 │ ...eFrom(this.preventaService.buscarContextoLeadGtr([32mrequest.lead[37m));
           ╵                                                     [32m~~~~~~~~~~~~[0m

[39m[22m
[1m[31m[31mX [41;31m[[41;97mERROR[41;31m][0m [1mTS2345: Argument of type 'string | null | undefined' is not assignable to parameter of type 'string'.
  Type 'undefined' is not assignable to type 'string'.[0m [1m[35m[plugin angular-compiler][0m

    src/app/features/gtr/facades/gtr-workspace.facade.ts:1196:87:
[37m      1196 │ ...eFrom(this.preventaService.buscarContextoLeadGtr([32mrequest.lead[37m));
           ╵                                                     [32m~~~~~~~~~~~~[0m

[39m[22m
[1m[31m[31mX [41;31m[[41;97mERROR[41;31m][0m [1mTS2339: Property 'intakeIdentityValidator' does not exist on type 'typeof GtrWorkspaceFacade'.[0m [1m[35m[plugin angular-compiler][0m

    src/app/features/gtr/facades/gtr-workspace.facade.ts:457:38:
[37m      457 │   }, { validators: GtrWorkspaceFacade.[32mintakeIdentityValidator[37m });
          ╵                                       [32m~~~~~~~~~~~~~~~~~~~~~~~[0m


[31mX [41;31m[[41;97mERROR[41;31m][0m [1mTS2345: Argument of type 'string | null | undefined' is not assignable to parameter of type 'string'.
  Type 'undefined' is not assignable to type 'string'.[0m [1m[35m[plugin angular-compiler][0m

    src/app/features/gtr/facades/gtr-workspace.facade.ts:1198:87:
[37m      1198 │ ...eFrom(this.preventaService.buscarContextoLeadGtr([32mrequest.lead[37m));
           ╵                                                     [32m~~~~~~~~~~~~[0m

[39m[22m
[1m[31m[31mX [41;31m[[41;97mERROR[41;31m][0m [1mTS2345: Argument of type 'string | null | undefined' is not assignable to parameter of type 'string'.
  Type 'undefined' is not assignable to type 'string'.[0m [1m[35m[plugin angular-compiler][0m

    src/app/features/gtr/facades/gtr-workspace.facade.ts:1208:87:
[37m      1208 │ ...eFrom(this.preventaService.buscarContextoLeadGtr([32mrequest.lead[37m));
           ╵                                                     [32m~~~~~~~~~~~~[0m

[39m[22m
[1m[31m[31mX [41;31m[[41;97mERROR[41;31m][0m [1mTS2345: Argument of type 'string | null | undefined' is not assignable to parameter of type 'string'.
  Type 'undefined' is not assignable to type 'string'.[0m [1m[35m[plugin angular-compiler][0m

    src/app/features/gtr/facades/gtr-workspace.facade.ts:1213:87:
[37m      1213 │ ...eFrom(this.preventaService.buscarContextoLeadGtr([32mrequest.lead[37m));
           ╵                                                     [32m~~~~~~~~~~~~[0m

[39m[22m
[1m[31m[31mX [41;31m[[41;97mERROR[41;31m][0m [1mTS2345: Argument of type 'string | null | undefined' is not assignable to parameter of type 'string'.
  Type 'undefined' is not assignable to type 'string'.[0m [1m[35m[plugin angular-compiler][0m

    src/app/features/gtr/facades/gtr-workspace.facade.ts:1213:87:
[37m      1213 │ ...eFrom(this.preventaService.buscarContextoLeadGtr([32mrequest.lead[37m));
           ╵                                                     [32m~~~~~~~~~~~~[0m

[39m[22m
[1m[31m[31mX [41;31m[[41;97mERROR[41;31m][0m [1mTS2554: Expected 0-2 arguments, but got 3.[0m [1m[35m[plugin angular-compiler][0m

    src/app/features/gtr/facades/gtr-workspace.facade.ts:3111:53:
[37m      3111 │     return !!this.whatsAppUrl(row.prefijo, row.lead, [32mrow.usermeta[37m);
           ╵                                                      [32m~~~~~~~~~~~~[0m

[39m[22m
[1m[31m[31mX [41;31m[[41;97mERROR[41;31m][0m [1mTS2554: Expected 0-2 arguments, but got 3.[0m [1m[35m[plugin angular-compiler][0m

    src/app/features/gtr/facades/gtr-workspace.facade.ts:3111:53:
[37m      3111 │     return !!this.whatsAppUrl(row.prefijo, row.lead, [32mrow.usermeta[37m);
           ╵                                                      [32m~~~~~~~~~~~~[0m

[39m[22m
[1m[31m[31mX [41;31m[[41;97mERROR[41;31m][0m [1mTS2339: Property 'humanizeRole' does not exist on type 'RrhhAsistenciaFacade'.[0m [1m[35m[plugin angular-compiler][0m

    src/app/features/rrhh/asistencia/facades/rrhh-asistencia.facade.ts:218:70:
[37m      218 │ ...OLE_LABELS[role] ?? this.[32mhumanizeRole[37m(role), empleados: byRole...
          ╵                             [32m~~~~~~~~~~~~[0m


[31mX [41;31m[[41;97mERROR[41;31m][0m [1mTS2339: Property 'humanizeRole' does not exist on type 'RrhhAsistenciaFacade'.[0m [1m[35m[plugin angular-compiler][0m

    src/app/features/rrhh/asistencia/facades/rrhh-asistencia.facade.ts:225:47:
[37m      225 │ ...{ rol: role, label: this.[32mhumanizeRole[37m(role), empleados: byRole...
          ╵                             [32m~~~~~~~~~~~~[0m

[39m[22m
[1m[31m[31mX [41;31m[[41;97mERROR[41;31m][0m [1mNG8001: 'app-attendance-tray' is not a known element:
1. If 'app-attendance-tray' is an Angular component, then verify that it is included in the '@Component.imports' of this component.
2. If 'app-attendance-tray' is a Web Component then add 'CUSTOM_ELEMENTS_SCHEMA' to the '@Component.schemas' of this component to suppress this message.[0m [1m[35m[plugin angular-compiler][0m

    src/app/features/rrhh/asistencia/pages/rrhh-asistencia-page/rrhh-asistencia-page.component.html:68:10:
[37m      68 │           [32m<app-attendance-tray[37m
         ╵           [32m~~~~~~~~~~~~~~~~~~~~[0m

  Error occurs in the template of component RrhhAsistenciaPageComponent.

    src/app/features/rrhh/asistencia/pages/rrhh-asistencia-page/rrhh-asistencia-page.component.ts:55:15:
[37m      55 │   templateUrl: [32m'./rrhh-asistencia-page.component.html'[37m,
         ╵                [32m~~~~~~~~~~~~~~~~~~~~~~~~~~~~~~~~~~~~~~~[0m


[31mX [41;31m[[41;97mERROR[41;31m][0m [1mNG8002: Can't bind to 'grouped' since it isn't a known property of 'app-attendance-tray'.
1. If 'app-attendance-tray' is an Angular component and it has 'grouped' input, then verify that it is included in the '@Component.imports' of this component.
2. If 'app-attendance-tray' is a Web Component then add 'CUSTOM_ELEMENTS_SCHEMA' to the '@Component.schemas' of this component to suppress this message.
3. To allow any property add 'NO_ERRORS_SCHEMA' to the '@Component.schemas' of this component.[0m [1m[35m[plugin angular-compiler][0m

    src/app/features/rrhh/asistencia/pages/rrhh-asistencia-page/rrhh-asistencia-page.component.html:69:12:
[37m      69 │             [32m[grouped]="facade.groupedRows()"[37m
         ╵             [32m~~~~~~~~~~~~~~~~~~~~~~~~~~~~~~~~[0m

  Error occurs in the template of component RrhhAsistenciaPageComponent.

    src/app/features/rrhh/asistencia/pages/rrhh-asistencia-page/rrhh-asistencia-page.component.ts:55:15:
[37m      55 │   templateUrl: [32m'./rrhh-asistencia-page.component.html'[37m,
         ╵                [32m~~~~~~~~~~~~~~~~~~~~~~~~~~~~~~~~~~~~~~~[0m


[31mX [41;31m[[41;97mERROR[41;31m][0m [1mNG8002: Can't bind to 'loading' since it isn't a known property of 'app-attendance-tray'.
1. If 'app-attendance-tray' is an Angular component and it has 'loading' input, then verify that it is included in the '@Component.imports' of this component.
2. If 'app-attendance-tray' is a Web Component then add 'CUSTOM_ELEMENTS_SCHEMA' to the '@Component.schemas' of this component to suppress this message.
3. To allow any property add 'NO_ERRORS_SCHEMA' to the '@Component.schemas' of this component.[0m [1m[35m[plugin angular-compiler][0m

    src/app/features/rrhh/asistencia/pages/rrhh-asistencia-page/rrhh-asistencia-page.component.html:70:12:
[37m      70 │             [32m[loading]="facade.isLoading()"[37m
         ╵             [32m~~~~~~~~~~~~~~~~~~~~~~~~~~~~~~[0m

  Error occurs in the template of component RrhhAsistenciaPageComponent.

    src/app/features/rrhh/asistencia/pages/rrhh-asistencia-page/rrhh-asistencia-page.component.ts:55:15:
[37m      55 │   templateUrl: [32m'./rrhh-asistencia-page.component.html'[37m,
         ╵                [32m~~~~~~~~~~~~~~~~~~~~~~~~~~~~~~~~~~~~~~~[0m


[31mX [41;31m[[41;97mERROR[41;31m][0m [1mTS2345: Argument of type 'Event' is not assignable to parameter of type 'CumplimientoRow'.
  Type 'Event' is missing the following properties from type 'CumplimientoRow': idEmpleado, nombreCompleto, puestoTrabajo, diasLaborables, and 4 more.[0m [1m[35m[plugin angular-compiler][0m

    src/app/features/rrhh/asistencia/pages/rrhh-asistencia-page/rrhh-asistencia-page.component.html:71:35:
[37m      71 │             (rowClick)="openDrawer([32m$event[37m)"
         ╵                                    [32m~~~~~~[0m

  Error occurs in the template of component RrhhAsistenciaPageComponent.

    src/app/features/rrhh/asistencia/pages/rrhh-asistencia-page/rrhh-asistencia-page.component.ts:55:15:
[37m      55 │   templateUrl: [32m'./rrhh-asistencia-page.component.html'[37m,
         ╵                [32m~~~~~~~~~~~~~~~~~~~~~~~~~~~~~~~~~~~~~~~[0m

[39m[22m
[1m[31m[31mX [41;31m[[41;97mERROR[41;31m][0m [1mNG8001: 'app-attendance-tray' is not a known element:
1. If 'app-attendance-tray' is an Angular component, then verify that it is included in the '@Component.imports' of this component.
2. If 'app-attendance-tray' is a Web Component then add 'CUSTOM_ELEMENTS_SCHEMA' to the '@Component.schemas' of this component to suppress this message.[0m [1m[35m[plugin angular-compiler][0m

    src/app/features/rrhh/asistencia/pages/rrhh-asistencia-page/rrhh-asistencia-page.component.html:68:10:
[37m      68 │           [32m<app-attendance-tray[37m
         ╵           [32m~~~~~~~~~~~~~~~~~~~~[0m

  Error occurs in the template of component RrhhAsistenciaPageComponent.

    src/app/features/rrhh/asistencia/pages/rrhh-asistencia-page/rrhh-asistencia-page.component.ts:56:15:
[37m      56 │   templateUrl: [32m'./rrhh-asistencia-page.component.html'[37m,
         ╵                [32m~~~~~~~~~~~~~~~~~~~~~~~~~~~~~~~~~~~~~~~[0m


[31mX [41;31m[[41;97mERROR[41;31m][0m [1mNG8002: Can't bind to 'grouped' since it isn't a known property of 'app-attendance-tray'.
1. If 'app-attendance-tray' is an Angular component and it has 'grouped' input, then verify that it is included in the '@Component.imports' of this component.
2. If 'app-attendance-tray' is a Web Component then add 'CUSTOM_ELEMENTS_SCHEMA' to the '@Component.schemas' of this component to suppress this message.
3. To allow any property add 'NO_ERRORS_SCHEMA' to the '@Component.schemas' of this component.[0m [1m[35m[plugin angular-compiler][0m

    src/app/features/rrhh/asistencia/pages/rrhh-asistencia-page/rrhh-asistencia-page.component.html:69:12:
[37m      69 │             [32m[grouped]="facade.groupedRows()"[37m
         ╵             [32m~~~~~~~~~~~~~~~~~~~~~~~~~~~~~~~~[0m

  Error occurs in the template of component RrhhAsistenciaPageComponent.

    src/app/features/rrhh/asistencia/pages/rrhh-asistencia-page/rrhh-asistencia-page.component.ts:56:15:
[37m      56 │   templateUrl: [32m'./rrhh-asistencia-page.component.html'[37m,
         ╵                [32m~~~~~~~~~~~~~~~~~~~~~~~~~~~~~~~~~~~~~~~[0m


[31mX [41;31m[[41;97mERROR[41;31m][0m [1mNG8002: Can't bind to 'loading' since it isn't a known property of 'app-attendance-tray'.
1. If 'app-attendance-tray' is an Angular component and it has 'loading' input, then verify that it is included in the '@Component.imports' of this component.
2. If 'app-attendance-tray' is a Web Component then add 'CUSTOM_ELEMENTS_SCHEMA' to the '@Component.schemas' of this component to suppress this message.
3. To allow any property add 'NO_ERRORS_SCHEMA' to the '@Component.schemas' of this component.[0m [1m[35m[plugin angular-compiler][0m

    src/app/features/rrhh/asistencia/pages/rrhh-asistencia-page/rrhh-asistencia-page.component.html:70:12:
[37m      70 │             [32m[loading]="facade.isLoading()"[37m
         ╵             [32m~~~~~~~~~~~~~~~~~~~~~~~~~~~~~~[0m

  Error occurs in the template of component RrhhAsistenciaPageComponent.

    src/app/features/rrhh/asistencia/pages/rrhh-asistencia-page/rrhh-asistencia-page.component.ts:56:15:
[37m      56 │   templateUrl: [32m'./rrhh-asistencia-page.component.html'[37m,
         ╵                [32m~~~~~~~~~~~~~~~~~~~~~~~~~~~~~~~~~~~~~~~[0m


[31mX [41;31m[[41;97mERROR[41;31m][0m [1mTS2345: Argument of type 'Event' is not assignable to parameter of type 'CumplimientoRow'.
  Type 'Event' is missing the following properties from type 'CumplimientoRow': idEmpleado, nombreCompleto, puestoTrabajo, diasLaborables, and 4 more.[0m [1m[35m[plugin angular-compiler][0m

    src/app/features/rrhh/asistencia/pages/rrhh-asistencia-page/rrhh-asistencia-page.component.html:71:35:
[37m      71 │             (rowClick)="openDrawer([32m$event[37m)"
         ╵                                    [32m~~~~~~[0m

  Error occurs in the template of component RrhhAsistenciaPageComponent.

    src/app/features/rrhh/asistencia/pages/rrhh-asistencia-page/rrhh-asistencia-page.component.ts:56:15:
[37m      56 │   templateUrl: [32m'./rrhh-asistencia-page.component.html'[37m,
         ╵                [32m~~~~~~~~~~~~~~~~~~~~~~~~~~~~~~~~~~~~~~~[0m

[39m[22m
[1m[31m[31mX [41;31m[[41;97mERROR[41;31m][0m [1mNG8001: 'app-attendance-month-heatmap' is not a known element:
1. If 'app-attendance-month-heatmap' is an Angular component, then verify that it is included in the '@Component.imports' of this component.
2. If 'app-attendance-month-heatmap' is a Web Component then add 'CUSTOM_ELEMENTS_SCHEMA' to the '@Component.schemas' of this component to suppress this message.[0m [1m[35m[plugin angular-compiler][0m

    src/app/features/rrhh/asistencia/pages/rrhh-asistencia-page/rrhh-asistencia-page.component.html:220:16:
[37m      220 │                 [32m<app-attendance-month-heatmap[37m
          ╵                 [32m~~~~~~~~~~~~~~~~~~~~~~~~~~~~~[0m

  Error occurs in the template of component RrhhAsistenciaPageComponent.

    src/app/features/rrhh/asistencia/pages/rrhh-asistencia-page/rrhh-asistencia-page.component.ts:57:15:
[37m      57 │   templateUrl: [32m'./rrhh-asistencia-page.component.html'[37m,
         ╵                [32m~~~~~~~~~~~~~~~~~~~~~~~~~~~~~~~~~~~~~~~[0m


[31mX [41;31m[[41;97mERROR[41;31m][0m [1mNG8002: Can't bind to 'dias' since it isn't a known property of 'app-attendance-month-heatmap'.
1. If 'app-attendance-month-heatmap' is an Angular component and it has 'dias' input, then verify that it is included in the '@Component.imports' of this component.
2. If 'app-attendance-month-heatmap' is a Web Component then add 'CUSTOM_ELEMENTS_SCHEMA' to the '@Component.schemas' of this component to suppress this message.
3. To allow any property add 'NO_ERRORS_SCHEMA' to the '@Component.schemas' of this component.[0m [1m[35m[plugin angular-compiler][0m

    src/app/features/rrhh/asistencia/pages/rrhh-asistencia-page/rrhh-asistencia-page.component.html:221:18:
[37m      221 │                   [32m[dias]="facade.drawerDetalleDias()"[37m
          ╵                   [32m~~~~~~~~~~~~~~~~~~~~~~~~~~~~~~~~~~~[0m

  Error occurs in the template of component RrhhAsistenciaPageComponent.

    src/app/features/rrhh/asistencia/pages/rrhh-asistencia-page/rrhh-asistencia-page.component.ts:57:15:
[37m      57 │   templateUrl: [32m'./rrhh-asistencia-page.component.html'[37m,
         ╵                [32m~~~~~~~~~~~~~~~~~~~~~~~~~~~~~~~~~~~~~~~[0m


[31mX [41;31m[[41;97mERROR[41;31m][0m [1mNG8002: Can't bind to 'month' since it isn't a known property of 'app-attendance-month-heatmap'.
1. If 'app-attendance-month-heatmap' is an Angular component and it has 'month' input, then verify that it is included in the '@Component.imports' of this component.
2. If 'app-attendance-month-heatmap' is a Web Component then add 'CUSTOM_ELEMENTS_SCHEMA' to the '@Component.schemas' of this component to suppress this message.
3. To allow any property add 'NO_ERRORS_SCHEMA' to the '@Component.schemas' of this component.[0m [1m[35m[plugin angular-compiler][0m

    src/app/features/rrhh/asistencia/pages/rrhh-asistencia-page/rrhh-asistencia-page.component.html:222:18:
[37m      222 │                   [32m[month]="facade.drawerSelectedMonth()"[37m
          ╵                   [32m~~~~~~~~~~~~~~~~~~~~~~~~~~~~~~~~~~~~~~[0m

  Error occurs in the template of component RrhhAsistenciaPageComponent.

    src/app/features/rrhh/asistencia/pages/rrhh-asistencia-page/rrhh-asistencia-page.component.ts:57:15:
[37m      57 │   templateUrl: [32m'./rrhh-asistencia-page.component.html'[37m,
         ╵                [32m~~~~~~~~~~~~~~~~~~~~~~~~~~~~~~~~~~~~~~~[0m

[39m[22m
[1m[31m[31mX [41;31m[[41;97mERROR[41;31m][0m [1mNG8001: 'app-attendance-month-heatmap' is not a known element:
1. If 'app-attendance-month-heatmap' is an Angular component, then verify that it is included in the '@Component.imports' of this component.
2. If 'app-attendance-month-heatmap' is a Web Component then add 'CUSTOM_ELEMENTS_SCHEMA' to the '@Component.schemas' of this component to suppress this message.[0m [1m[35m[plugin angular-compiler][0m

    src/app/features/rrhh/asistencia/pages/rrhh-asistencia-page/rrhh-asistencia-page.component.html:220:16:
[37m      220 │                 [32m<app-attendance-month-heatmap[37m
          ╵                 [32m~~~~~~~~~~~~~~~~~~~~~~~~~~~~~[0m

  Error occurs in the template of component RrhhAsistenciaPageComponent.

    src/app/features/rrhh/asistencia/pages/rrhh-asistencia-page/rrhh-asistencia-page.component.ts:58:15:
[37m      58 │   templateUrl: [32m'./rrhh-asistencia-page.component.html'[37m,
         ╵                [32m~~~~~~~~~~~~~~~~~~~~~~~~~~~~~~~~~~~~~~~[0m


[31mX [41;31m[[41;97mERROR[41;31m][0m [1mNG8002: Can't bind to 'dias' since it isn't a known property of 'app-attendance-month-heatmap'.
1. If 'app-attendance-month-heatmap' is an Angular component and it has 'dias' input, then verify that it is included in the '@Component.imports' of this component.
2. If 'app-attendance-month-heatmap' is a Web Component then add 'CUSTOM_ELEMENTS_SCHEMA' to the '@Component.schemas' of this component to suppress this message.
3. To allow any property add 'NO_ERRORS_SCHEMA' to the '@Component.schemas' of this component.[0m [1m[35m[plugin angular-compiler][0m

    src/app/features/rrhh/asistencia/pages/rrhh-asistencia-page/rrhh-asistencia-page.component.html:221:18:
[37m      221 │                   [32m[dias]="facade.drawerDetalleDias()"[37m
          ╵                   [32m~~~~~~~~~~~~~~~~~~~~~~~~~~~~~~~~~~~[0m

  Error occurs in the template of component RrhhAsistenciaPageComponent.

    src/app/features/rrhh/asistencia/pages/rrhh-asistencia-page/rrhh-asistencia-page.component.ts:58:15:
[37m      58 │   templateUrl: [32m'./rrhh-asistencia-page.component.html'[37m,
         ╵                [32m~~~~~~~~~~~~~~~~~~~~~~~~~~~~~~~~~~~~~~~[0m


[31mX [41;31m[[41;97mERROR[41;31m][0m [1mNG8002: Can't bind to 'month' since it isn't a known property of 'app-attendance-month-heatmap'.
1. If 'app-attendance-month-heatmap' is an Angular component and it has 'month' input, then verify that it is included in the '@Component.imports' of this component.
2. If 'app-attendance-month-heatmap' is a Web Component then add 'CUSTOM_ELEMENTS_SCHEMA' to the '@Component.schemas' of this component to suppress this message.
3. To allow any property add 'NO_ERRORS_SCHEMA' to the '@Component.schemas' of this component.[0m [1m[35m[plugin angular-compiler][0m

    src/app/features/rrhh/asistencia/pages/rrhh-asistencia-page/rrhh-asistencia-page.component.html:222:18:
[37m      222 │                   [32m[month]="facade.drawerSelectedMonth()"[37m
          ╵                   [32m~~~~~~~~~~~~~~~~~~~~~~~~~~~~~~~~~~~~~~[0m

  Error occurs in the template of component RrhhAsistenciaPageComponent.

    src/app/features/rrhh/asistencia/pages/rrhh-asistencia-page/rrhh-asistencia-page.component.ts:58:15:
[37m      58 │   templateUrl: [32m'./rrhh-asistencia-page.component.html'[37m,
         ╵                [32m~~~~~~~~~~~~~~~~~~~~~~~~~~~~~~~~~~~~~~~[0m

[39m[22m
[1m[31m[31mX [41;31m[[41;97mERROR[41;31m][0m [1mTS2551: Property 'optionalIdentityValidator' does not exist on type 'typeof GtrWorkspaceFacade'. Did you mean 'intakeIdentityValidator'?[0m [1m[35m[plugin angular-compiler][0m

    src/app/features/gtr/facades/gtr-workspace.facade.ts:507:38:
[37m      507 │   }, { validators: GtrWorkspaceFacade.[32moptionalIdentityValidator[37m });
          ╵                                       [32m~~~~~~~~~~~~~~~~~~~~~~~~~[0m

  'intakeIdentityValidator' is declared here.

    src/app/features/gtr/facades/gtr-workspace.facade.ts:221:17:
[37m      221 │   private static [32mintakeIdentityValidator[37m(control: AbstractControl...
          ╵                  [32m~~~~~~~~~~~~~~~~~~~~~~~[0m

[39m[22m
[1m[31m[31mX [41;31m[[41;97mERROR[41;31m][0m [1mTS2339: Property 'applySnapshotIdentityDisabledState' does not exist on type 'GtrWorkspaceFacade'.[0m [1m[35m[plugin angular-compiler][0m

    src/app/features/gtr/facades/gtr-workspace.facade.ts:1362:9:
[37m      1362 │     this.[32mapplySnapshotIdentityDisabledState[37m(row);
           ╵          [32m~~~~~~~~~~~~~~~~~~~~~~~~~~~~~~~~~~[0m

[39m[22m
[1m[31m[31mX [41;31m[[41;97mERROR[41;31m][0m [1mTS2339: Property 'applySnapshotIdentityDisabledState' does not exist on type 'GtrWorkspaceFacade'.[0m [1m[35m[plugin angular-compiler][0m

    src/app/features/gtr/facades/gtr-workspace.facade.ts:1362:9:
[37m      1362 │     this.[32mapplySnapshotIdentityDisabledState[37m(row);
           ╵          [32m~~~~~~~~~~~~~~~~~~~~~~~~~~~~~~~~~~[0m


[31mX [41;31m[[41;97mERROR[41;31m][0m [1mTS2339: Property 'enableSnapshotIdentityControls' does not exist on type 'GtrWorkspaceFacade'.[0m [1m[35m[plugin angular-compiler][0m

    src/app/features/gtr/facades/gtr-workspace.facade.ts:2026:9:
[37m      2026 │     this.[32menableSnapshotIdentityControls[37m();
           ╵          [32m~~~~~~~~~~~~~~~~~~~~~~~~~~~~~~[0m

[39m[22m
[1m[31m[31mX [41;31m[[41;97mERROR[41;31m][0m [1mTS2339: Property 'applySnapshotIdentityDisabledState' does not exist on type 'GtrWorkspaceFacade'.[0m [1m[35m[plugin angular-compiler][0m

    src/app/features/gtr/facades/gtr-workspace.facade.ts:1362:9:
[37m      1362 │     this.[32mapplySnapshotIdentityDisabledState[37m(row);
           ╵          [32m~~~~~~~~~~~~~~~~~~~~~~~~~~~~~~~~~~[0m


[31mX [41;31m[[41;97mERROR[41;31m][0m [1mTS2339: Property 'enableSnapshotIdentityControls' does not exist on type 'GtrWorkspaceFacade'.[0m [1m[35m[plugin angular-compiler][0m

    src/app/features/gtr/facades/gtr-workspace.facade.ts:2026:9:
[37m      2026 │     this.[32menableSnapshotIdentityControls[37m();
           ╵          [32m~~~~~~~~~~~~~~~~~~~~~~~~~~~~~~[0m


[31mX [41;31m[[41;97mERROR[41;31m][0m [1mTS2339: Property 'snapshotIdentityErrorMessage' does not exist on type 'GtrWorkspaceFacade'.[0m [1m[35m[plugin angular-compiler][0m

    src/app/features/gtr/facades/gtr-workspace.facade.ts:2044:33:
[37m      2044 │ ...Message.set(this.[32msnapshotIdentityErrorMessage[37m() ?? 'Revisa lo...
           ╵                     [32m~~~~~~~~~~~~~~~~~~~~~~~~~~~~[0m


[31mX [41;31m[[41;97mERROR[41;31m][0m [1mTS2339: Property 'buildSnapshotIdentityRequest' does not exist on type 'GtrWorkspaceFacade'.[0m [1m[35m[plugin angular-compiler][0m

    src/app/features/gtr/facades/gtr-workspace.facade.ts:2051:34:
[37m      2051 │     const identidadRequest = this.[32mbuildSnapshotIdentityRequest[37m();
           ╵                                   [32m~~~~~~~~~~~~~~~~~~~~~~~~~~~~[0m


[31mX [41;31m[[41;97mERROR[41;31m][0m [1mTS2339: Property 'snapshotSuccessMessage' does not exist on type 'GtrWorkspaceFacade'.[0m [1m[35m[plugin angular-compiler][0m

    src/app/features/gtr/facades/gtr-workspace.facade.ts:2073:35:
[37m      2073 │ ...essMessage.set(this.[32msnapshotSuccessMessage[37m(!!identidadRequest...
           ╵                        [32m~~~~~~~~~~~~~~~~~~~~~~[0m

[39m[22m
[1m[31m[31mX [41;31m[[41;97mERROR[41;31m][0m [1mTS2339: Property 'applySnapshotIdentityDisabledState' does not exist on type 'GtrWorkspaceFacade'.[0m [1m[35m[plugin angular-compiler][0m

    src/app/features/gtr/facades/gtr-workspace.facade.ts:1362:9:
[37m      1362 │     this.[32mapplySnapshotIdentityDisabledState[37m(row);
           ╵          [32m~~~~~~~~~~~~~~~~~~~~~~~~~~~~~~~~~~[0m


[31mX [41;31m[[41;97mERROR[41;31m][0m [1mTS2339: Property 'enableSnapshotIdentityControls' does not exist on type 'GtrWorkspaceFacade'.[0m [1m[35m[plugin angular-compiler][0m

    src/app/features/gtr/facades/gtr-workspace.facade.ts:2026:9:
[37m      2026 │     this.[32menableSnapshotIdentityControls[37m();
           ╵          [32m~~~~~~~~~~~~~~~~~~~~~~~~~~~~~~[0m


[31mX [41;31m[[41;97mERROR[41;31m][0m [1mTS2339: Property 'buildSnapshotIdentityRequest' does not exist on type 'GtrWorkspaceFacade'.[0m [1m[35m[plugin angular-compiler][0m

    src/app/features/gtr/facades/gtr-workspace.facade.ts:2051:34:
[37m      2051 │     const identidadRequest = this.[32mbuildSnapshotIdentityRequest[37m();
           ╵                                   [32m~~~~~~~~~~~~~~~~~~~~~~~~~~~~[0m


[31mX [41;31m[[41;97mERROR[41;31m][0m [1mTS2339: Property 'snapshotSuccessMessage' does not exist on type 'GtrWorkspaceFacade'.[0m [1m[35m[plugin angular-compiler][0m

    src/app/features/gtr/facades/gtr-workspace.facade.ts:2073:35:
[37m      2073 │ ...essMessage.set(this.[32msnapshotSuccessMessage[37m(!!identidadRequest...
           ╵                        [32m~~~~~~~~~~~~~~~~~~~~~~[0m

[39m[22m
[1m[31m[31mX [41;31m[[41;97mERROR[41;31m][0m [1mTS2339: Property 'applySnapshotIdentityDisabledState' does not exist on type 'GtrWorkspaceFacade'.[0m [1m[35m[plugin angular-compiler][0m

    src/app/features/gtr/facades/gtr-workspace.facade.ts:1362:9:
[37m      1362 │     this.[32mapplySnapshotIdentityDisabledState[37m(row);
           ╵          [32m~~~~~~~~~~~~~~~~~~~~~~~~~~~~~~~~~~[0m


[31mX [41;31m[[41;97mERROR[41;31m][0m [1mTS2339: Property 'enableSnapshotIdentityControls' does not exist on type 'GtrWorkspaceFacade'.[0m [1m[35m[plugin angular-compiler][0m

    src/app/features/gtr/facades/gtr-workspace.facade.ts:2040:9:
[37m      2040 │     this.[32menableSnapshotIdentityControls[37m();
           ╵          [32m~~~~~~~~~~~~~~~~~~~~~~~~~~~~~~[0m


[31mX [41;31m[[41;97mERROR[41;31m][0m [1mTS2339: Property 'buildSnapshotIdentityRequest' does not exist on type 'GtrWorkspaceFacade'.[0m [1m[35m[plugin angular-compiler][0m

    src/app/features/gtr/facades/gtr-workspace.facade.ts:2065:34:
[37m      2065 │     const identidadRequest = this.[32mbuildSnapshotIdentityRequest[37m();
           ╵                                   [32m~~~~~~~~~~~~~~~~~~~~~~~~~~~~[0m


[31mX [41;31m[[41;97mERROR[41;31m][0m [1mTS2339: Property 'snapshotSuccessMessage' does not exist on type 'GtrWorkspaceFacade'.[0m [1m[35m[plugin angular-compiler][0m

    src/app/features/gtr/facades/gtr-workspace.facade.ts:2087:35:
[37m      2087 │ ...essMessage.set(this.[32msnapshotSuccessMessage[37m(!!identidadRequest...
           ╵                        [32m~~~~~~~~~~~~~~~~~~~~~~[0m

[39m[22m
[1m[31m[31mX [41;31m[[41;97mERROR[41;31m][0m [1mTS2551: Property 'updateSnapshotLeadValidation' does not exist on type 'GtrWorkspaceFacade'. Did you mean 'updateIntakeLeadValidation'?[0m [1m[35m[plugin angular-compiler][0m

    src/app/features/gtr/facades/gtr-workspace.facade.ts:4478:9:
[37m      4478 │     this.[32mupdateSnapshotLeadValidation[37m(prefijoControl.value);
           ╵          [32m~~~~~~~~~~~~~~~~~~~~~~~~~~~~[0m

  'updateIntakeLeadValidation' is declared here.

    src/app/features/gtr/facades/gtr-workspace.facade.ts:4519:10:
[37m      4519 │   private [32mupdateIntakeLeadValidation[37m(prefijo?: string | null): v...
           ╵           [32m~~~~~~~~~~~~~~~~~~~~~~~~~~[0m

[39m[22m
[1m[31m[31mX [41;31m[[41;97mERROR[41;31m][0m [1mTS2551: Property 'updateSnapshotLeadValidation' does not exist on type 'GtrWorkspaceFacade'. Did you mean 'updateIntakeLeadValidation'?[0m [1m[35m[plugin angular-compiler][0m

    src/app/features/gtr/facades/gtr-workspace.facade.ts:1049:13:
[37m      1049 │         this.[32mupdateSnapshotLeadValidation[37m(prefijo);
           ╵              [32m~~~~~~~~~~~~~~~~~~~~~~~~~~~~[0m

  'updateIntakeLeadValidation' is declared here.

    src/app/features/gtr/facades/gtr-workspace.facade.ts:4524:10:
[37m      4524 │   private [32mupdateIntakeLeadValidation[37m(prefijo?: string | null): v...
           ╵           [32m~~~~~~~~~~~~~~~~~~~~~~~~~~[0m


[31mX [41;31m[[41;97mERROR[41;31m][0m [1mTS2551: Property 'updateSnapshotLeadValidation' does not exist on type 'GtrWorkspaceFacade'. Did you mean 'updateIntakeLeadValidation'?[0m [1m[35m[plugin angular-compiler][0m

    src/app/features/gtr/facades/gtr-workspace.facade.ts:4483:9:
[37m      4483 │     this.[32mupdateSnapshotLeadValidation[37m(prefijoControl.value);
           ╵          [32m~~~~~~~~~~~~~~~~~~~~~~~~~~~~[0m

  'updateIntakeLeadValidation' is declared here.

    src/app/features/gtr/facades/gtr-workspace.facade.ts:4524:10:
[37m      4524 │   private [32mupdateIntakeLeadValidation[37m(prefijo?: string | null): v...
           ╵           [32m~~~~~~~~~~~~~~~~~~~~~~~~~~[0m

[39m[22m
