[33m❯[39m Building...
[32m✔[39m Building...
[1mInitial chunk files[22m[2m | [22m[1mNames[22m          [2m | [22m [1mRaw size[22m
[32mstyles.css[39m         [2m | [22m[2mstyles[22m         [2m | [22m[36m294.57 kB[39m[2m | [22m
[32mmain.js[39m            [2m | [22m[2mmain[22m           [2m | [22m[36m110.66 kB[39m[2m | [22m
[32mchunk-5DJ62XKE.js[39m  [2m | [22m[2m-[22m              [2m | [22m [36m52.56 kB[39m[2m | [22m
[32mchunk-7WG6WB6G.js[39m  [2m | [22m[2m-[22m              [2m | [22m [36m23.60 kB[39m[2m | [22m

[1m [22m                  [2m | [22m[1mInitial total[22m  [2m | [22m[1m481.39 kB[22m

[1mLazy chunk files[22m   [2m | [22m[1mNames[22m          [2m | [22m [1mRaw size[22m
[32mchunk-W2P473OU.js[39m  [2m | [22m[2mplatform-routes[22m[2m | [22m  [36m4.06 MB[39m[2m | [22m
[32mchunk-NEA4CLSG.js[39m  [2m | [22m[2mauth-routes[22m    [2m | [22m[36m226.07 kB[39m[2m | [22m

Application bundle generation complete. [16.182 seconds] - 2026-08-03T16:03:11.567Z

Watch mode enabled. Watching for file changes...
NOTE: Raw file sizes do not reflect development server per-request transformations.
  [32m➜[39m  [1mLocal[22m:   [36mhttp://127.0.0.1:[1m4200[22m/[39m
[33m❯[39m Changes detected. Rebuilding...
[32m✔[39m Changes detected. Rebuilding...
[1mInitial chunk files[22m[2m | [22m[1mNames[22m          [2m | [22m [1mRaw size[22m
[32mmain.js[39m            [2m | [22m[2mmain[22m           [2m | [22m[36m110.66 kB[39m[2m | [22m

[1mLazy chunk files[22m   [2m | [22m[1mNames[22m          [2m | [22m [1mRaw size[22m
[32mchunk-M5J2G7RG.js[39m  [2m | [22m[2mplatform-routes[22m[2m | [22m  [36m4.06 MB[39m[2m | [22m

Application bundle generation complete. [15.407 seconds] - 2026-08-03T17:41:07.601Z

Page reload sent to client(s).
[33m❯[39m Changes detected. Rebuilding...
[32m✔[39m Changes detected. Rebuilding...
[1mInitial chunk files[22m[2m | [22m[1mNames[22m          [2m | [22m [1mRaw size[22m
[32mmain.js[39m            [2m | [22m[2mmain[22m           [2m | [22m[36m110.66 kB[39m[2m | [22m

[1mLazy chunk files[22m   [2m | [22m[1mNames[22m          [2m | [22m [1mRaw size[22m
[32mchunk-NYULEWZN.js[39m  [2m | [22m[2mplatform-routes[22m[2m | [22m  [36m4.07 MB[39m[2m | [22m

Application bundle generation complete. [2.112 seconds] - 2026-08-03T17:41:09.729Z

Page reload sent to client(s).
[33m❯[39m Changes detected. Rebuilding...
[32m✔[39m Changes detected. Rebuilding...
[1mInitial chunk files[22m[2m | [22m[1mNames[22m          [2m | [22m [1mRaw size[22m
[32mmain.js[39m            [2m | [22m[2mmain[22m           [2m | [22m[36m110.66 kB[39m[2m | [22m

[1mLazy chunk files[22m   [2m | [22m[1mNames[22m          [2m | [22m [1mRaw size[22m
[32mchunk-V5XQYWBS.js[39m  [2m | [22m[2mplatform-routes[22m[2m | [22m  [36m4.07 MB[39m[2m | [22m

Application bundle generation complete. [0.912 seconds] - 2026-08-03T17:41:28.165Z

Page reload sent to client(s).
[33m❯[39m Changes detected. Rebuilding...
[32m✔[39m Changes detected. Rebuilding...
[1mInitial chunk files[22m[2m | [22m[1mNames[22m          [2m | [22m [1mRaw size[22m
[32mmain.js[39m            [2m | [22m[2mmain[22m           [2m | [22m[36m110.66 kB[39m[2m | [22m

[1mLazy chunk files[22m   [2m | [22m[1mNames[22m          [2m | [22m [1mRaw size[22m
[32mchunk-GU36LF36.js[39m  [2m | [22m[2mplatform-routes[22m[2m | [22m  [36m4.07 MB[39m[2m | [22m

Application bundle generation complete. [0.753 seconds] - 2026-08-03T17:41:34.896Z

Page reload sent to client(s).
[33m❯[39m Changes detected. Rebuilding...
[32m✔[39m Changes detected. Rebuilding...
[1mInitial chunk files[22m[2m | [22m[1mNames[22m          [2m | [22m [1mRaw size[22m
[32mmain.js[39m            [2m | [22m[2mmain[22m           [2m | [22m[36m110.66 kB[39m[2m | [22m

[1mLazy chunk files[22m   [2m | [22m[1mNames[22m          [2m | [22m [1mRaw size[22m
[32mchunk-OUOQ4I25.js[39m  [2m | [22m[2mplatform-routes[22m[2m | [22m  [36m4.07 MB[39m[2m | [22m

Application bundle generation complete. [0.833 seconds] - 2026-08-03T17:41:42.167Z

Page reload sent to client(s).
[33m❯[39m Changes detected. Rebuilding...
[32m✔[39m Changes detected. Rebuilding...
[1mInitial chunk files[22m[2m | [22m[1mNames[22m          [2m | [22m [1mRaw size[22m
[32mmain.js[39m            [2m | [22m[2mmain[22m           [2m | [22m[36m110.66 kB[39m[2m | [22m

[1mLazy chunk files[22m   [2m | [22m[1mNames[22m          [2m | [22m [1mRaw size[22m
[32mchunk-5NEZGKPX.js[39m  [2m | [22m[2mplatform-routes[22m[2m | [22m  [36m4.07 MB[39m[2m | [22m

Application bundle generation complete. [0.740 seconds] - 2026-08-03T17:41:47.733Z

Page reload sent to client(s).
[33m❯[39m Changes detected. Rebuilding...
[32m✔[39m Changes detected. Rebuilding...
Application bundle generation failed. [0.646 seconds] - 2026-08-03T17:41:53.938Z

[33m❯[39m Changes detected. Rebuilding...
[32m✔[39m Changes detected. Rebuilding...
[1mInitial chunk files[22m[2m | [22m[1mNames[22m          [2m | [22m [1mRaw size[22m
[32mstyles.css[39m         [2m | [22m[2mstyles[22m         [2m | [22m[36m294.57 kB[39m[2m | [22m
[32mmain.js[39m            [2m | [22m[2mmain[22m           [2m | [22m[36m110.66 kB[39m[2m | [22m
[32mchunk-5DJ62XKE.js[39m  [2m | [22m[2m-[22m              [2m | [22m [36m52.56 kB[39m[2m | [22m
[32mchunk-7WG6WB6G.js[39m  [2m | [22m[2m-[22m              [2m | [22m [36m23.60 kB[39m[2m | [22m

[1m [22m                  [2m | [22m[1mInitial total[22m  [2m | [22m[1m481.39 kB[22m

[1mLazy chunk files[22m   [2m | [22m[1mNames[22m          [2m | [22m [1mRaw size[22m
[32mchunk-2F5VBCS2.js[39m  [2m | [22m[2mplatform-routes[22m[2m | [22m  [36m4.07 MB[39m[2m | [22m
[32mchunk-NEA4CLSG.js[39m  [2m | [22m[2mauth-routes[22m    [2m | [22m[36m226.07 kB[39m[2m | [22m

Application bundle generation complete. [1.683 seconds] - 2026-08-03T17:42:06.117Z

Page reload sent to client(s).
[33m❯[39m Changes detected. Rebuilding...
[32m✔[39m Changes detected. Rebuilding...
Application bundle generation failed. [1.823 seconds] - 2026-08-03T17:42:57.006Z

[33m❯[39m Changes detected. Rebuilding...
[32m✔[39m Changes detected. Rebuilding...
Application bundle generation failed. [1.086 seconds] - 2026-08-03T17:43:02.728Z

[33m❯[39m Changes detected. Rebuilding...
[32m✔[39m Changes detected. Rebuilding...
[1mInitial chunk files[22m[2m | [22m[1mNames[22m          [2m | [22m [1mRaw size[22m
[32mstyles.css[39m         [2m | [22m[2mstyles[22m         [2m | [22m[36m294.57 kB[39m[2m | [22m
[32mmain.js[39m            [2m | [22m[2mmain[22m           [2m | [22m[36m110.66 kB[39m[2m | [22m
[32mchunk-5DJ62XKE.js[39m  [2m | [22m[2m-[22m              [2m | [22m [36m52.56 kB[39m[2m | [22m
[32mchunk-7WG6WB6G.js[39m  [2m | [22m[2m-[22m              [2m | [22m [36m23.60 kB[39m[2m | [22m

[1m [22m                  [2m | [22m[1mInitial total[22m  [2m | [22m[1m481.39 kB[22m

[1mLazy chunk files[22m   [2m | [22m[1mNames[22m          [2m | [22m [1mRaw size[22m
[32mchunk-HHUDMA4G.js[39m  [2m | [22m[2mplatform-routes[22m[2m | [22m  [36m4.09 MB[39m[2m | [22m
[32mchunk-NEA4CLSG.js[39m  [2m | [22m[2mauth-routes[22m    [2m | [22m[36m226.07 kB[39m[2m | [22m

Application bundle generation complete. [0.798 seconds] - 2026-08-03T17:43:08.860Z

Page reload sent to client(s).
