[33m❯[39m Building...
[32m✔[39m Building...
[1mInitial chunk files[22m[2m | [22m[1mNames[22m          [2m | [22m [1mRaw size[22m
[32mstyles.css[39m         [2m | [22m[2mstyles[22m         [2m | [22m[36m294.57 kB[39m[2m | [22m
[32mmain.js[39m            [2m | [22m[2mmain[22m           [2m | [22m[36m110.66 kB[39m[2m | [22m
[32mchunk-2A5F5Z3S.js[39m  [2m | [22m[2m-[22m              [2m | [22m [36m52.05 kB[39m[2m | [22m
[32mchunk-7WG6WB6G.js[39m  [2m | [22m[2m-[22m              [2m | [22m [36m23.60 kB[39m[2m | [22m

[1m [22m                  [2m | [22m[1mInitial total[22m  [2m | [22m[1m480.88 kB[22m

[1mLazy chunk files[22m   [2m | [22m[1mNames[22m          [2m | [22m [1mRaw size[22m
[32mchunk-XSQ4W52I.js[39m  [2m | [22m[2mplatform-routes[22m[2m | [22m  [36m4.06 MB[39m[2m | [22m
[32mchunk-NEA4CLSG.js[39m  [2m | [22m[2mauth-routes[22m    [2m | [22m[36m226.07 kB[39m[2m | [22m

Application bundle generation complete. [16.833 seconds] - 2026-08-03T15:26:52.284Z

Watch mode enabled. Watching for file changes...
NOTE: Raw file sizes do not reflect development server per-request transformations.
[2m10:26:52[22m [36m[1m[vite][22m[39m [90m[2m(client)[22m[39m Re-optimizing dependencies because vite config has changed
  [32m➜[39m  [1mLocal[22m:   [36mhttp://127.0.0.1:[1m4201[22m/[39m
[33m❯[39m Changes detected. Rebuilding...
[32m✔[39m Changes detected. Rebuilding...
[1mInitial chunk files[22m[2m | [22m[1mNames[22m          [2m | [22m [1mRaw size[22m
[32mmain.js[39m            [2m | [22m[2mmain[22m           [2m | [22m[36m110.66 kB[39m[2m | [22m
[32mchunk-BKKGNZGB.js[39m  [2m | [22m[2m-[22m              [2m | [22m [36m52.05 kB[39m[2m | [22m

[1mLazy chunk files[22m   [2m | [22m[1mNames[22m          [2m | [22m [1mRaw size[22m
[32mchunk-QPTGAJPA.js[39m  [2m | [22m[2mplatform-routes[22m[2m | [22m  [36m4.06 MB[39m[2m | [22m

Application bundle generation complete. [6.835 seconds] - 2026-08-03T15:35:15.833Z

Page reload sent to client(s).
[33m❯[39m Changes detected. Rebuilding...
[32m✔[39m Changes detected. Rebuilding...
[1mInitial chunk files[22m[2m | [22m[1mNames[22m          [2m | [22m [1mRaw size[22m
[32mmain.js[39m            [2m | [22m[2mmain[22m           [2m | [22m[36m110.66 kB[39m[2m | [22m
[32mchunk-T6VJ2M2A.js[39m  [2m | [22m[2m-[22m              [2m | [22m [36m52.05 kB[39m[2m | [22m

[1mLazy chunk files[22m   [2m | [22m[1mNames[22m          [2m | [22m [1mRaw size[22m
[32mchunk-DVOYNP6W.js[39m  [2m | [22m[2mplatform-routes[22m[2m | [22m  [36m4.06 MB[39m[2m | [22m

Application bundle generation complete. [0.537 seconds] - 2026-08-03T15:35:16.461Z

Page reload sent to client(s).
[33m❯[39m Changes detected. Rebuilding...
[32m✔[39m Changes detected. Rebuilding...
[1mInitial chunk files[22m[2m | [22m[1mNames[22m          [2m | [22m [1mRaw size[22m
[32mmain.js[39m            [2m | [22m[2mmain[22m           [2m | [22m[36m110.66 kB[39m[2m | [22m
[32mchunk-5DJ62XKE.js[39m  [2m | [22m[2m-[22m              [2m | [22m [36m52.56 kB[39m[2m | [22m

[1mLazy chunk files[22m   [2m | [22m[1mNames[22m          [2m | [22m [1mRaw size[22m
[32mchunk-W2P473OU.js[39m  [2m | [22m[2mplatform-routes[22m[2m | [22m  [36m4.06 MB[39m[2m | [22m

Application bundle generation complete. [1.404 seconds] - 2026-08-03T15:35:28.465Z

Page reload sent to client(s).
